// 重构日志: 842fec39
// 重构日志: 0be0bed7
// 重构日志: 4fbede1c
// 同步 ID: 5a37eff6 @ Thu Jul 23 19:20:37 UTC 2026
// 重构日志: 5fa98511
// 重构日志: 76113002
// 重构日志: 0f187166
// 重构日志: 1df0907a
// 重构日志: 9529045e
// 重构日志: 34489d33
// 重构日志: 8f86a86a
// 重构日志: 099cdbaf
// 同步 ID: 9a9cf655 @ Sat Jul 25 20:07:40 UTC 2026
// 同步 ID: 855ee7c5 @ Sun Jul 26 00:16:04 UTC 2026
// 重构日志: 8c4b2df6
// 同步 ID: 449a425e @ Sun Jul 26 16:23:26 UTC 2026
// 同步 ID: 1f1f4447 @ Sun Jul 26 18:01:03 UTC 2026
// 同步 ID: b7569f01 @ Sun Jul 26 18:25:30 UTC 2026
// 重构日志: 71bb58de
// 同步 ID: a4126d32 @ Tue Jul 28 22:45:29 UTC 2026
// 同步 ID: 8f5527c1 @ Wed Jul 29 12:28:04 UTC 2026
// 同步 ID: 9c50bd6f @ Wed Jul 29 15:56:08 UTC 2026
// 重构日志: 2d4da665
// 重构日志: dee8b03e
// 同步 ID: 6d60b15b @ Sat Aug  1 04:37:49 UTC 2026
// 同步 ID: eee3a2ad @ Sat Aug  1 07:20:27 UTC 2026
// 重构日志: 052d8f22
// 重构日志: 2879d04e
// 重构日志: 66b92018
// 同步 ID: b639933d @ Sun Aug  2 09:43:37 UTC 2026
